{
  "type": "node",
  "bundle": "collection_object",
  "title": "Derivatives Collection"
}
