{
  "type": "node",
  "bundle": "islandora_object",
  "title": "Derivative Image 01",
  "member_of": "Derivatives Collection"
}
