{
  "type": "media",
  "bundle": "image",
  "name": "36-Service File.jpg",
  "use": [
    "Service File"
  ],
  "media_of": "Derivative Image 03"
}
