{
  "type": "media",
  "bundle": "image",
  "name": "40-Thumbnail Image.jpg",
  "use": [
    "Thumbnail Image"
  ],
  "media_of": "Derivative Large Video"
}