{
  "type": "media",
  "bundle": "image",
  "name": "39-Thumbnail Image.jpg",
  "use": [
    "Thumbnail Image"
  ],
  "media_of": "Derivative Small Video"
}
