{
  "type": "media",
  "bundle": "image",
  "name": "B14.tiff",
  "use": [
    "Preservation File",
    "Original File"
  ],
  "media_of": "Derivative Image 03"
}
