{
  "type": "media",
  "bundle": "image",
  "name": "34-Service File.jpg",
  "use": [
    "Service File"
  ],
  "media_of": "Derivative Image 01"
}
