{
  "type": "media",
  "bundle": "image",
  "name": "36-Thumbnail Image.jpg",
  "use": [
    "Thumbnail Image"
  ],
  "media_of": "Derivative Image 03"
}
