{
  "type": "media",
  "bundle": "extracted_text",
  "name": "41-Extracted Text.txt",
  "media_use": [ "Extracted Text" ],
  "media_of": "Derivative Documents"
}