{
  "type": "media",
  "bundle": "image",
  "name": "37-Thumbnail Image.jpg",
  "use": [
    "Thumbnail Image"
  ],
  "media_of": "Derivative Image 04"
}
