{
  "type": "media",
  "bundle": "video",
  "name": "smptebars2.mp4",
  "use": [
    "Preservation File",
    "Original File"
  ],
  "media_of": "Derivative Small Video"
}
