{
  "type": "taxonomy_term",
  "bundle": "geo_location",
  "name": "Nevada",
  "unique_id": "geolocation-01",
  "geo_alt_name": [
    "Silver State",
    "Sagebrush State"
  ],
  "broader": [
   {
     "uri": "https://en.wikipedia.org/wiki/United_States"
   },
   {
     "uri": "https://www.geonames.org/countries/US/united-states.html"
   }
  ],
  "authority": [
    {
      "uri": "https://www.geonames.org/5509151/nevada.html",
      "title": "Nevada",
      "source": "geonames"
    },
    {
      "uri": "https://www.oclc.org/research/areas/data-science/fast.html",
      "title": "A FAST Term",
      "source": "fast"
    }
  ],
  "description": {
    "value": "<p><strong>Nevada</strong>\u00a0(<a href=\"https://en.wikipedia.org/wiki/Help:IPA/English\">/nɪˈvædə/</a>,\u00a0Spanish:\u00a0<a href=\"https://en.wikipedia.org/wiki/Help:IPA/Spanish\">[neˈβaða]</a>) is a\u00a0<a href=\"https://en.wikipedia.org/wiki/U.S._state\">state</a>\u00a0in the\u00a0<a href=\"https://en.wikipedia.org/wiki/Western_United_States\">Western</a>\u00a0<a href=\"https://en.wikipedia.org/wiki/United_States\">United States</a>.<a href=\"https://en.wikipedia.org/wiki/Nevada#cite_note-6\">[5]</a>\u00a0It is bordered by\u00a0<a href=\"https://en.wikipedia.org/wiki/Oregon\">Oregon</a>\u00a0to the northwest,\u00a0<a href=\"https://en.wikipedia.org/wiki/Idaho\">Idaho</a>\u00a0to the northeast,\u00a0<a href=\"https://en.wikipedia.org/wiki/California\">California</a>\u00a0to the west,\u00a0<a href=\"https://en.wikipedia.org/wiki/Arizona\">Arizona</a>\u00a0to the southeast, and\u00a0<a href=\"https://en.wikipedia.org/wiki/Utah\">Utah</a>\u00a0to the east. Nevada is the\u00a0<a href=\"https://en.wikipedia.org/wiki/List_of_U.S._states_and_territories_by_area\">7th-most extensive</a>, the\u00a0<a href=\"https://en.wikipedia.org/wiki/List_of_U.S._states_and_territories_by_population\">19th-least populous</a>, but the\u00a0<a href=\"https://en.wikipedia.org/wiki/List_of_U.S._states_and_territories_by_population_density\">9th-least densely populated</a>\u00a0of the U.S. states. Nearly three-quarters of Nevada's people live in\u00a0<a href=\"https://en.wikipedia.org/wiki/Clark_County,_Nevada\">Clark County</a>, which contains the\u00a0<a href=\"https://en.wikipedia.org/wiki/Las_Vegas%E2%80%93Paradise,_NV_MSA\">Las Vegas–Paradise metropolitan area</a>,<a href=\"https://en.wikipedia.org/wiki/Nevada#cite_note-7\">[6]</a>\u00a0including three of the state's four largest incorporated cities.<a href=\"https://en.wikipedia.org/wiki/Nevada#cite_note-8\">[7]</a>\u00a0Nevada's capital is\u00a0<a href=\"https://en.wikipedia.org/wiki/Carson_City,_Nevada\">Carson City</a>.</p>",
    "format": "basic_html",
    "processed": "<p><strong>Nevada</strong>\u00a0(<a href=\"https://en.wikipedia.org/wiki/Help:IPA/English\">/nɪˈvædə/</a>,\u00a0Spanish:\u00a0<a href=\"https://en.wikipedia.org/wiki/Help:IPA/Spanish\">[neˈβaða]</a>) is a\u00a0<a href=\"https://en.wikipedia.org/wiki/U.S._state\">state</a>\u00a0in the\u00a0<a href=\"https://en.wikipedia.org/wiki/Western_United_States\">Western</a>\u00a0<a href=\"https://en.wikipedia.org/wiki/United_States\">United States</a>.<a href=\"https://en.wikipedia.org/wiki/Nevada#cite_note-6\">[5]</a>\u00a0It is bordered by\u00a0<a href=\"https://en.wikipedia.org/wiki/Oregon\">Oregon</a>\u00a0to the northwest,\u00a0<a href=\"https://en.wikipedia.org/wiki/Idaho\">Idaho</a>\u00a0to the northeast,\u00a0<a href=\"https://en.wikipedia.org/wiki/California\">California</a>\u00a0to the west,\u00a0<a href=\"https://en.wikipedia.org/wiki/Arizona\">Arizona</a>\u00a0to the southeast, and\u00a0<a href=\"https://en.wikipedia.org/wiki/Utah\">Utah</a>\u00a0to the east. Nevada is the\u00a0<a href=\"https://en.wikipedia.org/wiki/List_of_U.S._states_and_territories_by_area\">7th-most extensive</a>, the\u00a0<a href=\"https://en.wikipedia.org/wiki/List_of_U.S._states_and_territories_by_population\">19th-least populous</a>, but the\u00a0<a href=\"https://en.wikipedia.org/wiki/List_of_U.S._states_and_territories_by_population_density\">9th-least densely populated</a>\u00a0of the U.S. states. Nearly three-quarters of Nevada's people live in\u00a0<a href=\"https://en.wikipedia.org/wiki/Clark_County,_Nevada\">Clark County</a>, which contains the\u00a0<a href=\"https://en.wikipedia.org/wiki/Las_Vegas%E2%80%93Paradise,_NV_MSA\">Las Vegas–Paradise metropolitan area</a>,<a href=\"https://en.wikipedia.org/wiki/Nevada#cite_note-7\">[6]</a>\u00a0including three of the state's four largest incorporated cities.<a href=\"https://en.wikipedia.org/wiki/Nevada#cite_note-8\">[7]</a>\u00a0Nevada's capital is\u00a0<a href=\"https://en.wikipedia.org/wiki/Carson_City,_Nevada\">Carson City</a>.</p>"
  }
}
