{
  "type": "taxonomy_term",
  "bundle": "person",
  "name": "Adams, Ansel Easton, 1902-1984",
  "unique_id": "person_1",
  "primary_name": "Adams",
  "rest_of_name": [
      "Ansel Easton"
  ],
  "prefix": [
      "Mr"
  ],
  "suffix": [
      "1 Preferred Name Suffix"
  ],
  "number": [
     "1 Preferred Name Number"
  ],
  "fuller_form": [
      "1 Fuller form"
  ],
  "date": [
      "1902-02-20/1984-04-22"
  ],
  "alt_name": [
      "1 Alt Name"
  ],
  "authority": [
    {
      "uri": "https://www.wikidata.org/wiki/Q60809",
      "name": "Wikidata",
      "type": "other"
    }
  ],
  "knows": [
    "Weston, Edward, 1886-1958"
  ],
  "description": {
    "value": "<p><strong>Ansel Easton Adams</strong>&nbsp;(February 20, 1902 – April 22, 1984) was an American landscape photographer and environmentalist known for his black-and-white images of the&nbsp;<a href=\"https://en.wikipedia.org/wiki/American_West\">American West</a>. He helped found&nbsp;<a href=\"https://en.wikipedia.org/wiki/Group_f/64\">Group f/64</a>, an association of photographers advocating \"pure\" photography which favored sharp focus and the use of the full tonal range of a photograph. He and&nbsp;<a href=\"https://en.wikipedia.org/wiki/Fred_R._Archer\">Fred Archer</a>&nbsp;developed an exacting system of image-making called the&nbsp;<a href=\"https://en.wikipedia.org/wiki/Zone_System\">Zone System</a>, a method of achieving a desired final print through a deeply technical understanding of how tonal range is recorded and developed in exposure, negative development, and printing. The resulting clarity and depth of such images characterized his photography.</p>",
    "format": "basic_html",
    "processed": "<p><strong>Ansel Easton Adams</strong>\u00a0(February 20, 1902 – April 22, 1984) was an American landscape photographer and environmentalist known for his black-and-white images of the\u00a0<a href=\"https://en.wikipedia.org/wiki/American_West\">American West</a>. He helped found\u00a0<a href=\"https://en.wikipedia.org/wiki/Group_f/64\">Group f/64</a>, an association of photographers advocating \"pure\" photography which favored sharp focus and the use of the full tonal range of a photograph. He and\u00a0<a href=\"https://en.wikipedia.org/wiki/Fred_R._Archer\">Fred Archer</a>\u00a0developed an exacting system of image-making called the\u00a0<a href=\"https://en.wikipedia.org/wiki/Zone_System\">Zone System</a>, a method of achieving a desired final print through a deeply technical understanding of how tonal range is recorded and developed in exposure, negative development, and printing. The resulting clarity and depth of such images characterized his photography.</p>"
  }
}
