{
  "type": "taxonomy_term",
  "bundle": "islandora_access",
  "name": "Collection A",
  "unique_id": "accesscontrol_02",
  "parent": [
    "Archives and Special Collections"
  ],
  "description": {
    "value": "<p>For items in Collection A</p>",
    "format": "basic_html",
    "processed": "<p>For items in Collection A</p>"
  }
}
