{
  "type": "taxonomy_term",
  "bundle": "corporate_body",
  "name": "My Corporate Body",
  "unique_id": "corp_02",
  "description": {
    "value": "<p>A corporate body description.</p>",
    "format": "basic_html",
    "processed": "<p>A corporate body description.</p>"
  },
  "date_of_meeting_or_treaty": [
    "2021",
    "2022"
  ],
  "location_of_meeting": [
      "Denver, CO",
      "Atlanta, GA"
  ],
  "num_of_section_or_meet": [
      "1st",
      "2nd"
  ],
  "primary_name": "My Corporate Body",
  "subordinate_name": [
      "My Corporate Body Subordinate Name",
      "Another Subordinate Name"
  ],
  "corporate_body_alternate_name": [
      "Alt name of meeting",
      "Another Alt Name"
  ],
  "authority": [
    {
      "uri": "http://loc.gov",
      "source": "lcnaf"
    },
    {
      "uri": "http://www.google.com",
      "source": "other"
    }
  ],
  "date": [
    "2021",
    "2022"
  ],
  "relationships": [
    {
      "rel_type": "schema:parentOrganization",
      "name": "Parent Corporate Body"
    }
  ]
}
